> Task :compileJava UP-TO-DATE
> Task :processResources UP-TO-DATE
> Task :classes UP-TO-DATE
> Task :resolveMainClassName UP-TO-DATE

> Task :bootRun

  .   ____          _            __ _ _
 /\\ / ___'_ __ _ _(_)_ __  __ _ \ \ \ \
( ( )\___ | '_ | '_| | '_ \/ _` | \ \ \ \
 \\/  ___)| |_)| | | | | || (_| |  ) ) ) )
  '  |____| .__|_| |_|_| |_\__, | / / / /
 =========|_|==============|___/=/_/_/_/

 :: Spring Boot ::                (v4.1.0)

2026-08-06T09:45:32.384+05:30  INFO 30104 --- [InterviewPilot] [  restartedMain] c.m.I.InterviewPilotApplication          : Starting InterviewPilotApplication using Java 21.0.9 with PID 30104 (C:\Users\arvind.kumar7\InterviewPilot\InterviewPilot\build\classes\java\main started by arvind.kumar7 in C:\Users\arvind.kumar7\InterviewPilot\InterviewPilot)
2026-08-06T09:45:32.392+05:30  INFO 30104 --- [InterviewPilot] [  restartedMain] c.m.I.InterviewPilotApplication          : The following 1 profile is active: "local"
2026-08-06T09:45:32.509+05:30  INFO 30104 --- [InterviewPilot] [  restartedMain] .e.DevToolsPropertyDefaultsPostProcessor : Devtools property defaults active! Set 'spring.devtools.add-properties' to 'false' to disable
2026-08-06T09:45:32.510+05:30  INFO 30104 --- [InterviewPilot] [  restartedMain] .e.DevToolsPropertyDefaultsPostProcessor : For additional web related logging consider setting the 'logging.level.web' property to 'DEBUG'
2026-08-06T09:45:34.698+05:30  INFO 30104 --- [InterviewPilot] [  restartedMain] .s.d.r.c.RepositoryConfigurationDelegate : Bootstrapping Spring Data JPA repositories in DEFAULT mode.
2026-08-06T09:45:35.048+05:30  INFO 30104 --- [InterviewPilot] [  restartedMain] .s.d.r.c.RepositoryConfigurationDelegate : Finished Spring Data repository scanning in 317 ms. Found 9 JPA repository interfaces.
2026-08-06T09:45:36.624+05:30  INFO 30104 --- [InterviewPilot] [  restartedMain] o.s.boot.tomcat.TomcatWebServer          : Tomcat initialized with port 8080 (http)
2026-08-06T09:45:36.660+05:30  INFO 30104 --- [InterviewPilot] [  restartedMain] o.apache.catalina.core.StandardService   : Starting service [Tomcat]
2026-08-06T09:45:36.661+05:30  INFO 30104 --- [InterviewPilot] [  restartedMain] o.apache.catalina.core.StandardEngine    : Starting Servlet engine: [Apache Tomcat/11.0.22]
2026-08-06T09:45:36.778+05:30  INFO 30104 --- [InterviewPilot] [  restartedMain] b.w.c.s.WebApplicationContextInitializer : Root WebApplicationContext: initialization completed in 4266 ms
2026-08-06T09:45:37.188+05:30  INFO 30104 --- [InterviewPilot] [  restartedMain] org.hibernate.orm.jpa                    : HHH008540: Processing PersistenceUnitInfo [name: default]
2026-08-06T09:45:37.344+05:30  INFO 30104 --- [InterviewPilot] [  restartedMain] org.hibernate.orm.core                   : HHH000001: Hibernate ORM core version 7.4.1.Final
2026-08-06T09:45:38.946+05:30  INFO 30104 --- [InterviewPilot] [  restartedMain] o.s.o.j.p.SpringPersistenceUnitInfo      : No LoadTimeWeaver setup: ignoring JPA class transformer
2026-08-06T09:45:39.011+05:30  INFO 30104 --- [InterviewPilot] [  restartedMain] com.zaxxer.hikari.HikariDataSource       : HikariPool-1 - Starting...
2026-08-06T09:45:39.520+05:30  INFO 30104 --- [InterviewPilot] [  restartedMain] com.zaxxer.hikari.pool.HikariPool        : HikariPool-1 - Added connection conn0: url=jdbc:h2:mem:interviewpilot user=SA
2026-08-06T09:45:39.525+05:30  INFO 30104 --- [InterviewPilot] [  restartedMain] com.zaxxer.hikari.HikariDataSource       : HikariPool-1 - Start completed.
2026-08-06T09:45:39.933+05:30  INFO 30104 --- [InterviewPilot] [  restartedMain] org.hibernate.orm.connections.pooling    : HHH10001005: Database info:
	Database JDBC URL [jdbc:h2:mem:interviewpilot]
	Database driver: H2 JDBC Driver
	Database dialect: H2Dialect
	Database version: 2.4.240
	Default catalog/schema: INTERVIEWPILOT/PUBLIC
	Autocommit mode: undefined/unknown
	Isolation level: READ_COMMITTED [default READ_COMMITTED]
	JDBC fetch size: 100
	Pool: DataSourceConnectionProvider
	Minimum pool size: undefined/unknown
	Maximum pool size: undefined/unknown
2026-08-06T09:45:43.658+05:30  INFO 30104 --- [InterviewPilot] [  restartedMain] org.hibernate.orm.core                   : HHH000489: No JTA platform available (set 'hibernate.transaction.jta.platform' to enable JTA platform integration)
2026-08-06T09:45:43.919+05:30  INFO 30104 --- [InterviewPilot] [  restartedMain] j.LocalContainerEntityManagerFactoryBean : Initialized JPA EntityManagerFactory for persistence unit 'default'
2026-08-06T09:45:44.064+05:30  INFO 30104 --- [InterviewPilot] [  restartedMain] o.s.d.j.r.query.QueryEnhancerFactories   : Hibernate is in classpath; If applicable, HQL parser will be used.
2026-08-06T09:45:46.470+05:30  INFO 30104 --- [InterviewPilot] [  restartedMain] eAuthenticationProviderManagerConfigurer : Global AuthenticationManager configured with AuthenticationProvider bean with name authenticationProvider
2026-08-06T09:45:46.470+05:30  WARN 30104 --- [InterviewPilot] [  restartedMain] r$InitializeUserDetailsManagerConfigurer : Global AuthenticationManager configured with an AuthenticationProvider bean. UserDetailsService beans will not be used by Spring Security for automatically configuring username/password login. Consider removing the AuthenticationProvider bean. Alternatively, consider using the UserDetailsService in a manually instantiated DaoAuthenticationProvider. If the current configuration is intentional, to turn off this warning, increase the logging level of 'org.springframework.security.config.annotation.authentication.configuration.InitializeUserDetailsBeanManagerConfigurer' to ERROR
2026-08-06T09:45:48.356+05:30  INFO 30104 --- [InterviewPilot] [  restartedMain] o.s.boot.tomcat.TomcatWebServer          : Tomcat started on port 8080 (http) with context path '/'
2026-08-06T09:45:48.371+05:30  INFO 30104 --- [InterviewPilot] [  restartedMain] c.m.I.InterviewPilotApplication          : Started InterviewPilotApplication in 16.933 seconds (process running for 19.493)
2026-08-06T09:46:03.255+05:30  INFO 30104 --- [InterviewPilot] [nio-8080-exec-1] o.a.c.c.C.[Tomcat].[localhost].[/]       : Initializing Spring DispatcherServlet 'dispatcherServlet'
2026-08-06T09:46:03.255+05:30  INFO 30104 --- [InterviewPilot] [nio-8080-exec-1] o.s.web.servlet.DispatcherServlet        : Initializing Servlet 'dispatcherServlet'
2026-08-06T09:46:03.258+05:30  INFO 30104 --- [InterviewPilot] [nio-8080-exec-1] o.s.web.servlet.DispatcherServlet        : Completed initialization in 2 ms
2026-08-06T09:46:30.898+05:30  WARN 30104 --- [InterviewPilot] [nio-8080-exec-8] c.m.I.r.s.PaymentVerificationService     : Could not fetch payment method for pay_simulated_1785989787: BAD_REQUEST_ERROR:The id provided does not exist
2026-08-06T09:46:51.306+05:30  WARN 30104 --- [InterviewPilot] [nio-8080-exec-6] c.m.I.r.s.PaymentVerificationService     : Could not fetch payment method for pay_simulated_1785989808_premium: BAD_REQUEST_ERROR:The id provided does not exist
2026-08-06T09:48:38.373+05:30  WARN 30104 --- [InterviewPilot] [nio-8080-exec-2] ration$PageModule$WarningLoggingModifier : Serializing PageImpl instances as-is is not supported, meaning that there is no guarantee about the stability of the resulting JSON structure!
	For a stable JSON structure, please use Spring Data's PagedModel (globally via @EnableSpringDataWebSupport(pageSerializationMode = VIA_DTO))
	or Spring HATEOAS and Spring Data's PagedResourcesAssembler as documented in https://docs.spring.io/spring-data/commons/reference/repositories/core-extensions.html#core.web.pageables.

2026-08-06T09:58:15.039+05:30  WARN 30104 --- [InterviewPilot] [nio-8080-exec-9] .m.m.a.ExceptionHandlerExceptionResolver : Resolved [org.springframework.security.authentication.BadCredentialsException: Bad credentials]

> Task :bootRun FAILED
4 actionable tasks: 1 executed, 3 up-to-date
